C:/Users/Lenovo/STM32Cube/Repository/STM32Cube_FW_F4_V1.28.3/Drivers/CMSIS/Include/core_cm4.h:1684:22:__NVIC_EnableIRQ	16	static,ignoring_inline_asm
../Src/main.c:6:6:delay_ms	24	static,ignoring_inline_asm
../Src/main.c:10:6:GPIO_Init	4	static
../Src/main.c:25:6:I2C_Init	8	static
../Src/main.c:54:6:I2C1_EV_IRQHandler	8	static
../Src/main.c:58:6:I2C1_ER_IRQHandler	8	static
../Src/main.c:62:6:I2C2_EV_IRQHandler	8	static
../Src/main.c:66:6:I2C2_ER_IRQHandler	8	static
../Src/main.c:73:5:main	8	static
