../Src/UART_HAL.c:11:6:delay_ms	24	static,ignoring_inline_asm
../Src/UART_HAL.c:18:13:hal_uart_enable	16	static
../Src/UART_HAL.c:23:13:hal_uart_disable	16	static
../Src/UART_HAL.c:28:13:hal_uart_enable_disable_tx	16	static
../Src/UART_HAL.c:39:13:hal_uart_enable_disable_rx	16	static
../Src/UART_HAL.c:50:13:hal_uart_configure_word_length	16	static
../Src/UART_HAL.c:61:13:hal_uart_configure_stop_bits	16	static
../Src/UART_HAL.c:80:13:hal_uart_configure_over_sampling	16	static
../Src/UART_HAL.c:92:13:hal_uart_set_baud_rate	24	static
../Src/UART_HAL.c:112:13:hal_uart_configure_txe_interrupt	16	static
../Src/UART_HAL.c:126:13:hal_uart_configure_rxne_interrupt	16	static
../Src/UART_HAL.c:139:13:hal_uart_configure_error_interrupt	16	static
../Src/UART_HAL.c:152:13:hal_uart_configure_parrity_error_interrupt	16	static
../Src/UART_HAL.c:166:13:hal_uart_clear_error_flag	24	static
../Src/UART_HAL.c:174:13:hal_uart_error_cb	24	static
../Src/UART_HAL.c:189:13:hal_uart_handle_TXE_interrupt	24	static
../Src/UART_HAL.c:216:13:hal_uart_handle_TC_interrupt	16	static
../Src/UART_HAL.c:233:13:hal_uart_handle_RXNE_interrupt	24	static
../Src/UART_HAL.c:295:6:hal_uart_init	16	static
../Src/UART_HAL.c:322:6:hal_uart_tx	24	static
../Src/UART_HAL.c:353:6:hal_uart_rx	24	static
../Src/UART_HAL.c:391:6:hal_uart_handle_interrupt	24	static
