C:/Users/Lenovo/STM32Cube/Repository/STM32Cube_FW_F4_V1.28.3/Drivers/CMSIS/Include/core_cm4.h:1684:22:__NVIC_EnableIRQ	16	static,ignoring_inline_asm
C:/Users/Lenovo/STM32Cube/Repository/STM32Cube_FW_F4_V1.28.3/Drivers/CMSIS/Include/core_cm4.h:1814:22:__NVIC_SetPriority	16	static
../Src/main.c:7:6:SPI1_IRQHandler	8	static
../Src/main.c:12:6:SPI2_IRQHandler	8	static
../Src/main.c:18:13:SPI_GPIO_Init	4	static
../Src/main.c:51:13:SPI1_Init	8	static
../Src/main.c:75:13:SPI2_Init	8	static
../Src/main.c:99:6:delay_ms	24	static,ignoring_inline_asm
../Src/main.c:105:5:main	8	static
